src/actions/admin.ts(3,33): error TS2307: Cannot find module 'drizzle-orm' or its corresponding type declarations.
src/actions/admin.ts(6,20): error TS2307: Cannot find module '@/db' or its corresponding type declarations.
src/app/admin/leads/page.tsx(87,44): error TS7006: Parameter 'lead' implicitly has an 'any' type.
src/db/schema.ts(1,57): error TS2307: Cannot find module 'drizzle-orm/pg-core' or its corresponding type declarations.
src/db/schema.ts(2,63): error TS2307: Cannot find module 'drizzle-orm' or its corresponding type declarations.
src/db/schema.ts(67,51): error TS7031: Binding element 'many' implicitly has an 'any' type.
src/db/schema.ts(74,59): error TS7031: Binding element 'one' implicitly has an 'any' type.
src/db/schema.ts(81,53): error TS7031: Binding element 'one' implicitly has an 'any' type.
src/db/schema.ts(88,65): error TS7031: Binding element 'one' implicitly has an 'any' type.
src/db/schema.ts(95,65): error TS7031: Binding element 'one' implicitly has an 'any' type.
